{"logTime": "0612/135723", "correlationVector":"YrOLhcnJA+uqO7MSs0tDRF.1","action":"SyncServerConnectionManagerRequest", "result":"SYNC_SERVER_OK", "context":{"environment":"Prod_brazilsouth_prod-s01-001-sam-brazilsouth", "migrationStage":"NotStarted", "server":"akswtt00500001t"}}
{"logTime": "0612/135723", "correlationVector":"YrOLhcnJA+uqO7MSs0tDRF.2","action":"ProcessGetUpdates", "result":"Done", "context":{"dataType":"Encryption Keys", "deleted":"0", "process_failed_to_decrypt":"0", "process_pending_decryption":"0", "process_success":"1", "total":"1"}}
{"logTime": "0612/135723", "correlationVector":"UxYNUaZ5jb6NyHkL27reel","action":"SyncServerConnectionManagerRequest", "result":"SYNC_SERVER_OK", "context":{"environment":"", "migrationStage":"", "server":""}}
{"logTime": "0612/135723", "correlationVector":"UxYNUaZ5jb6NyHkL27reel.0","action":"EncryptionKeysFetcher.DownloadKeys:", "result":"Success", "context":Key count: 3, Last key timestamp: 2026-05-07T02:48:30Z}
{"logTime": "0612/135723", "correlationVector":"UxYNUaZ5jb6NyHkL27reel.1","action":"EncryptionKeysManager::SetEncryptionKeys:", "result":"Success", "context":Key names[3]:[2vyOW7xA/FPxbj+VizJzOOhmYy8SQcQYrW3yD7yJhn5CfiDG9oHkRevNjfL2DPKAGD1/mCyLJetwMdKXY7cTEQ==][YtK241srJfUWmO4czJNI2ZgQhQaeH98x/X0Me/6ElH0yV9vPC8Nl8l2wh1/F0FQ0g0Rfn6T6Ep++rUZopUf49g==][APIuezuOH+3CeQYskry94zRGhp2mPve5cDeT7J3R4PjuC3Z4enIpang8dd8M9Benl9cOpN9Tg99oNPLaVfJ+5A==]}
{"logTime": "0612/135723", "correlationVector":"UxYNUaZ5jb6NyHkL27reel.2","action":"EncryptionKeysManager::SetEncryptionKeysWithTimestamps:", "result":"Success", "context":Key timestamps[3]:[2025-05-09T01:19:52Z][2025-11-06T20:05:18Z][2026-05-07T02:48:30Z]}
{"logTime": "0612/135723", "correlationVector":"YrOLhcnJA+uqO7MSs0tDRF","action":"Initial GetUpdates", "result":"", "context":Reason: NEW_CLIENT. cV=YrOLhcnJA+uqO7MSs0tDRF}
{"logTime": "0612/135723", "correlationVector":"YrOLhcnJA+uqO7MSs0tDRF.3","action":"GetUpdates Response", "result":"Success", "context":Received 1 update(s). cV=YrOLhcnJA+uqO7MSs0tDRF.0;server=akswtt00500001t;cloudType=Consumer;environment=Prod_brazilsouth_prod-s01-001-sam-brazilsouth;migrationStage=NotStarted}
{"logTime": "0612/135723", "correlationVector":"/eU9Ez8Oz4GoMqx9XZD38d","action":"Initial GetUpdates", "result":"", "context":Reason: NEWLY_SUPPORTED_DATATYPE. cV=/eU9Ez8Oz4GoMqx9XZD38d}
{"logTime": "0612/135724", "correlationVector":"/eU9Ez8Oz4GoMqx9XZD38d.1","action":"SyncServerConnectionManagerRequest", "result":"SYNC_SERVER_OK", "context":{"environment":"Prod_brazilsouth_prod-s01-001-sam-brazilsouth", "migrationStage":"NotStarted", "server":"akswtt005000014"}}
{"logTime": "0612/135724", "correlationVector":"/eU9Ez8Oz4GoMqx9XZD38d.2","action":"ProcessGetUpdates", "result":"Done", "context":{"dataType":"Preferences", "deleted":"0", "process_failed_to_decrypt":"0", "process_pending_decryption":"0", "process_success":"65", "total":"65"}}
{"logTime": "0612/135724", "correlationVector":"/eU9Ez8Oz4GoMqx9XZD38d.3","action":"ProcessGetUpdates", "result":"Done", "context":{"dataType":"Passwords", "deleted":"0", "process_failed_to_decrypt":"0", "process_pending_decryption":"0", "process_success":"10", "total":"10"}}
{"logTime": "0612/135724", "correlationVector":"/eU9Ez8Oz4GoMqx9XZD38d.4","action":"ProcessGetUpdates", "result":"Done", "context":{"dataType":"Device Info", "deleted":"0", "process_failed_to_decrypt":"0", "process_pending_decryption":"0", "process_success":"9", "total":"9"}}
{"logTime": "0612/135724", "correlationVector":"/eU9Ez8Oz4GoMqx9XZD38d.5","action":"GetUpdates Response", "result":"Success", "context":Received 84 update(s). cV=/eU9Ez8Oz4GoMqx9XZD38d.0;server=akswtt005000014;cloudType=Consumer;environment=Prod_brazilsouth_prod-s01-001-sam-brazilsouth;migrationStage=NotStarted}
{"logTime": "0612/135724", "correlationVector":"1bLrO1xD0iUxXMPF2OfPq5","action":"Initial GetUpdates", "result":"", "context":Reason: NEWLY_SUPPORTED_DATATYPE. cV=1bLrO1xD0iUxXMPF2OfPq5}
{"logTime": "0612/135724", "correlationVector":"1bLrO1xD0iUxXMPF2OfPq5.1","action":"SyncServerConnectionManagerRequest", "result":"SYNC_SERVER_OK", "context":{"environment":"Prod_brazilsouth_prod-s01-034-sam-brazilsouth", "migrationStage":"NotStarted", "server":"akswtt10100000w"}}
{"logTime": "0612/135724", "correlationVector":"1bLrO1xD0iUxXMPF2OfPq5.2","action":"ProcessGetUpdates", "result":"Done", "context":{"dataType":"Bookmarks", "deleted":"0", "process_failed_to_decrypt":"0", "process_pending_decryption":"0", "process_success":"10", "total":"10"}}
{"logTime": "0612/135724", "correlationVector":"1bLrO1xD0iUxXMPF2OfPq5.3","action":"GetUpdates Response", "result":"Success", "context":Received 10 update(s). cV=1bLrO1xD0iUxXMPF2OfPq5.0;server=akswtt10100000w;cloudType=Consumer;environment=Prod_brazilsouth_prod-s01-034-sam-brazilsouth;migrationStage=NotStarted}
{"logTime": "0612/135724", "correlationVector":"Ebx4A1jEzlIBobq3UjMMGJ","action":"Initial GetUpdates", "result":"", "context":Reason: NEWLY_SUPPORTED_DATATYPE. cV=Ebx4A1jEzlIBobq3UjMMGJ}
{"logTime": "0612/135725", "correlationVector":"Ebx4A1jEzlIBobq3UjMMGJ.1","action":"SyncServerConnectionManagerRequest", "result":"SYNC_SERVER_OK", "context":{"environment":"Prod_brazilsouth_prod-s01-001-sam-brazilsouth", "migrationStage":"NotStarted", "server":"akswtt00500001m"}}
{"logTime": "0612/135725", "correlationVector":"Ebx4A1jEzlIBobq3UjMMGJ.2","action":"ProcessGetUpdates", "result":"Done", "context":{"dataType":"Autofill Profiles", "deleted":"0", "process_failed_to_decrypt":"0", "process_pending_decryption":"0", "process_success":"8", "total":"8"}}
{"logTime": "0612/135725", "correlationVector":"Ebx4A1jEzlIBobq3UjMMGJ.3","action":"ProcessGetUpdates", "result":"Done", "context":{"dataType":"Autofill", "deleted":"0", "process_failed_to_decrypt":"0", "process_pending_decryption":"0", "process_success":"68", "total":"68"}}
{"logTime": "0612/135725", "correlationVector":"Ebx4A1jEzlIBobq3UjMMGJ.4","action":"ProcessGetUpdates", "result":"Done", "context":{"dataType":"Sessions", "deleted":"144", "process_failed_to_decrypt":"0", "process_pending_decryption":"0", "process_success":"157", "total":"157"}}
{"logTime": "0612/135725", "correlationVector":"Ebx4A1jEzlIBobq3UjMMGJ.5","action":"ProcessGetUpdates", "result":"Done", "context":{"dataType":"Saved Tab Group", "deleted":"6", "process_failed_to_decrypt":"0", "process_pending_decryption":"0", "process_success":"6", "total":"6"}}
{"logTime": "0612/135725", "correlationVector":"Ebx4A1jEzlIBobq3UjMMGJ.6","action":"ProcessGetUpdates", "result":"Done", "context":{"dataType":"WebAuthn Credentials", "deleted":"0", "process_failed_to_decrypt":"0", "process_pending_decryption":"0", "process_success":"1", "total":"1"}}
{"logTime": "0612/135725", "correlationVector":"Ebx4A1jEzlIBobq3UjMMGJ.7","action":"ProcessGetUpdates", "result":"Done", "context":{"dataType":"Edge Hub App Usage", "deleted":"2", "process_failed_to_decrypt":"0", "process_pending_decryption":"0", "process_success":"10", "total":"10"}}
{"logTime": "0612/135725", "correlationVector":"Ebx4A1jEzlIBobq3UjMMGJ.8","action":"GetUpdates Response", "result":"Success", "context":Received 250 update(s). cV=Ebx4A1jEzlIBobq3UjMMGJ.0;server=akswtt00500001m;cloudType=Consumer;environment=Prod_brazilsouth_prod-s01-001-sam-brazilsouth;migrationStage=NotStarted Some updates remain.}
{"logTime": "0612/135725", "correlationVector":"QmXILs+NEiKOe7sEJLm1qN","action":"Initial GetUpdates", "result":"", "context":Reason: NEWLY_SUPPORTED_DATATYPE. cV=QmXILs+NEiKOe7sEJLm1qN}
{"logTime": "0612/135726", "correlationVector":"QmXILs+NEiKOe7sEJLm1qN.1","action":"SyncServerConnectionManagerRequest", "result":"SYNC_SERVER_OK", "context":{"environment":"Prod_brazilsouth_prod-s01-001-sam-brazilsouth", "migrationStage":"NotStarted", "server":"akswtt00500001m"}}
{"logTime": "0612/135726", "correlationVector":"QmXILs+NEiKOe7sEJLm1qN.2","action":"ProcessGetUpdates", "result":"Done", "context":{"dataType":"Autofill Profiles", "deleted":"2", "process_failed_to_decrypt":"0", "process_pending_decryption":"0", "process_success":"4", "total":"4"}}
{"logTime": "0612/135726", "correlationVector":"QmXILs+NEiKOe7sEJLm1qN.3","action":"ProcessGetUpdates", "result":"Done", "context":{"dataType":"Autofill", "deleted":"0", "process_failed_to_decrypt":"0", "process_pending_decryption":"0", "process_success":"2", "total":"2"}}
{"logTime": "0612/135726", "correlationVector":"QmXILs+NEiKOe7sEJLm1qN.4","action":"ProcessGetUpdates", "result":"Done", "context":{"dataType":"Sessions", "deleted":"72", "process_failed_to_decrypt":"0", "process_pending_decryption":"0", "process_success":"83", "total":"83"}}
{"logTime": "0612/135726", "correlationVector":"QmXILs+NEiKOe7sEJLm1qN.5","action":"ProcessGetUpdates", "result":"Done", "context":{"dataType":"History Delete Directives", "deleted":"0", "process_failed_to_decrypt":"0", "process_pending_decryption":"0", "process_success":"1", "total":"1"}}
{"logTime": "0612/135726", "correlationVector":"QmXILs+NEiKOe7sEJLm1qN.6","action":"ProcessGetUpdates", "result":"Done", "context":{"dataType":"Edge Hub App Usage", "deleted":"0", "process_failed_to_decrypt":"0", "process_pending_decryption":"0", "process_success":"3", "total":"3"}}
{"logTime": "0612/135726", "correlationVector":"QmXILs+NEiKOe7sEJLm1qN.7","action":"GetUpdates Response", "result":"Success", "context":Received 93 update(s). cV=QmXILs+NEiKOe7sEJLm1qN.0;server=akswtt00500001m;cloudType=Consumer;environment=Prod_brazilsouth_prod-s01-001-sam-brazilsouth;migrationStage=NotStarted}
{"logTime": "0612/135726", "correlationVector":"P/0UPuNF2GKwDWjnhBLP86","action":"Initial GetUpdates", "result":"", "context":Reason: NEWLY_SUPPORTED_DATATYPE. cV=P/0UPuNF2GKwDWjnhBLP86}
{"logTime": "0612/135726", "correlationVector":"P/0UPuNF2GKwDWjnhBLP86.1","action":"SyncServerConnectionManagerRequest", "result":"SYNC_SERVER_OK", "context":{"environment":"Prod_brazilsouth_prod-s01-001-sam-brazilsouth", "migrationStage":"NotStarted", "server":"akswtt00500001c"}}
{"logTime": "0612/135726", "correlationVector":"P/0UPuNF2GKwDWjnhBLP86.2","action":"ProcessGetUpdates", "result":"Done", "context":{"dataType":"History", "deleted":"0", "process_failed_to_decrypt":"0", "process_pending_decryption":"0", "process_success":"250", "total":"250"}}
{"logTime": "0612/135726", "correlationVector":"P/0UPuNF2GKwDWjnhBLP86.3","action":"GetUpdates Response", "result":"Success", "context":Received 250 update(s). cV=P/0UPuNF2GKwDWjnhBLP86.0;server=akswtt00500001c;cloudType=Consumer;environment=Prod_brazilsouth_prod-s01-001-sam-brazilsouth;migrationStage=NotStarted Some updates remain.}
{"logTime": "0612/135726", "correlationVector":"L6nUXlb+WkV1R4exf2P9oN","action":"Initial GetUpdates", "result":"", "context":Reason: NEWLY_SUPPORTED_DATATYPE. cV=L6nUXlb+WkV1R4exf2P9oN}
{"logTime": "0612/135727", "correlationVector":"L6nUXlb+WkV1R4exf2P9oN.1","action":"SyncServerConnectionManagerRequest", "result":"SYNC_SERVER_OK", "context":{"environment":"Prod_brazilsouth_prod-s01-001-sam-brazilsouth", "migrationStage":"NotStarted", "server":"akswtt005000014"}}
{"logTime": "0612/135727", "correlationVector":"L6nUXlb+WkV1R4exf2P9oN.2","action":"ProcessGetUpdates", "result":"Done", "context":{"dataType":"History", "deleted":"0", "process_failed_to_decrypt":"0", "process_pending_decryption":"0", "process_success":"250", "total":"250"}}
{"logTime": "0612/135727", "correlationVector":"L6nUXlb+WkV1R4exf2P9oN.3","action":"GetUpdates Response", "result":"Success", "context":Received 250 update(s). cV=L6nUXlb+WkV1R4exf2P9oN.0;server=akswtt005000014;cloudType=Consumer;environment=Prod_brazilsouth_prod-s01-001-sam-brazilsouth;migrationStage=NotStarted Some updates remain.}
{"logTime": "0612/135727", "correlationVector":"yJr+niOgI/6EIy5AYM7cNj","action":"Initial GetUpdates", "result":"", "context":Reason: NEWLY_SUPPORTED_DATATYPE. cV=yJr+niOgI/6EIy5AYM7cNj}
{"logTime": "0612/135728", "correlationVector":"yJr+niOgI/6EIy5AYM7cNj.1","action":"SyncServerConnectionManagerRequest", "result":"SYNC_SERVER_OK", "context":{"environment":"Prod_brazilsouth_prod-s01-001-sam-brazilsouth", "migrationStage":"NotStarted", "server":"akswtt005000014"}}
{"logTime": "0612/135728", "correlationVector":"yJr+niOgI/6EIy5AYM7cNj.2","action":"ProcessGetUpdates", "result":"Done", "context":{"dataType":"History", "deleted":"0", "process_failed_to_decrypt":"0", "process_pending_decryption":"0", "process_success":"250", "total":"250"}}
{"logTime": "0612/135728", "correlationVector":"yJr+niOgI/6EIy5AYM7cNj.3","action":"GetUpdates Response", "result":"Success", "context":Received 250 update(s). cV=yJr+niOgI/6EIy5AYM7cNj.0;server=akswtt005000014;cloudType=Consumer;environment=Prod_brazilsouth_prod-s01-001-sam-brazilsouth;migrationStage=NotStarted Some updates remain.}
{"logTime": "0612/135728", "correlationVector":"asMlNgRwqI44ShJQMRam7S","action":"Initial GetUpdates", "result":"", "context":Reason: NEWLY_SUPPORTED_DATATYPE. cV=asMlNgRwqI44ShJQMRam7S}
{"logTime": "0612/135729", "correlationVector":"asMlNgRwqI44ShJQMRam7S.1","action":"SyncServerConnectionManagerRequest", "result":"SYNC_SERVER_OK", "context":{"environment":"Prod_brazilsouth_prod-s01-001-sam-brazilsouth", "migrationStage":"NotStarted", "server":"akswtt00500001m"}}
{"logTime": "0612/135729", "correlationVector":"asMlNgRwqI44ShJQMRam7S.2","action":"ProcessGetUpdates", "result":"Done", "context":{"dataType":"History", "deleted":"0", "process_failed_to_decrypt":"0", "process_pending_decryption":"0", "process_success":"250", "total":"250"}}
{"logTime": "0612/135729", "correlationVector":"asMlNgRwqI44ShJQMRam7S.3","action":"GetUpdates Response", "result":"Success", "context":Received 250 update(s). cV=asMlNgRwqI44ShJQMRam7S.0;server=akswtt00500001m;cloudType=Consumer;environment=Prod_brazilsouth_prod-s01-001-sam-brazilsouth;migrationStage=NotStarted Some updates remain.}
{"logTime": "0612/135729", "correlationVector":"kGQrt7iI+YUy3Jev2N+gyG","action":"Initial GetUpdates", "result":"", "context":Reason: NEWLY_SUPPORTED_DATATYPE. cV=kGQrt7iI+YUy3Jev2N+gyG}
{"logTime": "0612/135729", "correlationVector":"kGQrt7iI+YUy3Jev2N+gyG.1","action":"SyncServerConnectionManagerRequest", "result":"SYNC_SERVER_OK", "context":{"environment":"Prod_brazilsouth_prod-s01-001-sam-brazilsouth", "migrationStage":"NotStarted", "server":"akswtt005000016"}}
{"logTime": "0612/135729", "correlationVector":"kGQrt7iI+YUy3Jev2N+gyG.2","action":"ProcessGetUpdates", "result":"Done", "context":{"dataType":"History", "deleted":"0", "process_failed_to_decrypt":"0", "process_pending_decryption":"0", "process_success":"161", "total":"161"}}
{"logTime": "0612/135729", "correlationVector":"kGQrt7iI+YUy3Jev2N+gyG.3","action":"GetUpdates Response", "result":"Success", "context":Received 161 update(s). cV=kGQrt7iI+YUy3Jev2N+gyG.0;server=akswtt005000016;cloudType=Consumer;environment=Prod_brazilsouth_prod-s01-001-sam-brazilsouth;migrationStage=NotStarted}
{"logTime": "0612/135729", "correlationVector":"ygDpNat2Z3YrXlHBOGOHJd","action":"Normal GetUpdate request", "result":"", "context":cV=ygDpNat2Z3YrXlHBOGOHJd
Nudged types: Sessions, Device Info, User Consents, Edge Hub App Usage
Refresh requested types: Bookmarks, Preferences, Passwords, Autofill Profiles, Autofill, Extensions, Sessions, Extension settings, History Delete Directives, Device Info, User Consents, Send Tab To Self, Web Apps, History, Saved Tab Group, WebAuthn Credentials, Edge E Drop, Edge Hub App Usage, Edge Wallet, Edge Workspace, Encryption Keys}
{"logTime": "0612/135730", "correlationVector":"ygDpNat2Z3YrXlHBOGOHJd.1","action":"SyncServerConnectionManagerRequest", "result":"SYNC_SERVER_OK", "context":{"environment":"Prod_brazilsouth_prod-s01-001-sam-brazilsouth", "migrationStage":"NotStarted", "server":"akswtt00500001m"}}
{"logTime": "0612/135730", "correlationVector":"ygDpNat2Z3YrXlHBOGOHJd.2","action":"GetUpdates Response", "result":"Success", "context":Received 0 update(s). cV=ygDpNat2Z3YrXlHBOGOHJd.0;server=akswtt00500001m;cloudType=Consumer;environment=Prod_brazilsouth_prod-s01-001-sam-brazilsouth;migrationStage=NotStarted}
{"logTime": "0612/135730", "correlationVector":"mjO4fb9Sx4nLQHwepV9pZg","action":"DoCompareDataConsistency requsted types: ", "result":"Bookmarks, Preferences, Passwords, Extensions, Extension settings, History Delete Directives, Send Tab To Self, Web Apps, History, Saved Tab Group, WebAuthn Credentials, Edge E Drop, Edge Wallet, Edge Workspace, Encryption Keys"}
{"logTime": "0612/135730", "correlationVector":"mjO4fb9Sx4nLQHwepV9pZg.0","action":"CompareDataConsistency result: ", "result":"Compare result: Encryption Keys is consistent. local entities count is: 1 local entities hash is: LppXMEmKq0+eB5SYk3BSmen1rpQ="}
{"logTime": "0612/135730", "correlationVector":"mjO4fb9Sx4nLQHwepV9pZg.1","action":"CompareDataConsistency result: ", "result":"Compare result: Bookmarks is consistent. local entities count is: 4 local entities hash is: Vt9FzZgXzeehopfR4LyPkwwb0Uk="}
{"logTime": "0612/135730", "correlationVector":"mjO4fb9Sx4nLQHwepV9pZg.2","action":"CompareDataConsistency result: ", "result":"Compare result: Preferences is consistent. local entities count is: 65 local entities hash is: VmIdmGj2E0iyjaSYTxQFLQTHHdo="}
{"logTime": "0612/135730", "correlationVector":"mjO4fb9Sx4nLQHwepV9pZg.3","action":"CompareDataConsistency result: ", "result":"Compare result: Extensions is consistent. local entities count is: 0 local entities hash is: "}
{"logTime": "0612/135730", "correlationVector":"mjO4fb9Sx4nLQHwepV9pZg.4","action":"CompareDataConsistency result: ", "result":"Compare result: Extension settings is consistent. local entities count is: 0 local entities hash is: "}
{"logTime": "0612/135730", "correlationVector":"mjO4fb9Sx4nLQHwepV9pZg.5","action":"CompareDataConsistency result: ", "result":"Compare result: History Delete Directives is inconsistent. server entities count is: 1 server entities hash is: TGmwqFobbsdEMHcqHFfteCZpmVY= local entities count is: 0 local entities hash is: "}
{"logTime": "0612/135730", "correlationVector":"mjO4fb9Sx4nLQHwepV9pZg.6","action":"CompareDataConsistency result: ", "result":"Server did not send this Send Tab To Self local entities count is: 0 local entities hash is: "}
{"logTime": "0612/135730", "correlationVector":"mjO4fb9Sx4nLQHwepV9pZg.7","action":"CompareDataConsistency result: ", "result":"Compare result: Web Apps is consistent. local entities count is: 0 local entities hash is: "}
{"logTime": "0612/135730", "correlationVector":"mjO4fb9Sx4nLQHwepV9pZg.8","action":"CompareDataConsistency result: ", "result":"Server did not send this History local entities count is: 0 local entities hash is: "}
{"logTime": "0612/135730", "correlationVector":"mjO4fb9Sx4nLQHwepV9pZg.9","action":"CompareDataConsistency result: ", "result":"Compare result: Saved Tab Group is consistent. local entities count is: 0 local entities hash is: "}
{"logTime": "0612/135730", "correlationVector":"mjO4fb9Sx4nLQHwepV9pZg.10","action":"CompareDataConsistency result: ", "result":"Server did not send this WebAuthn Credentials local entities count is: 1 local entities hash is: +6R+xGxnm7ZOmunOvAiAmd++JxE="}
{"logTime": "0612/135730", "correlationVector":"mjO4fb9Sx4nLQHwepV9pZg.11","action":"CompareDataConsistency result: ", "result":"Compare result: Edge E Drop is consistent. local entities count is: 0 local entities hash is: "}
{"logTime": "0612/135730", "correlationVector":"mjO4fb9Sx4nLQHwepV9pZg.12","action":"CompareDataConsistency result: ", "result":"Compare result: Edge Wallet is consistent. local entities count is: 0 local entities hash is: "}
{"logTime": "0612/135730", "correlationVector":"mjO4fb9Sx4nLQHwepV9pZg.13","action":"CompareDataConsistency result: ", "result":"Server did not send this Edge Workspace local entities count is: 0 local entities hash is: "}
{"logTime": "0612/135730", "correlationVector":"mjO4fb9Sx4nLQHwepV9pZg.14","action":"CompareDataConsistency result: ", "result":"Compare result: Passwords is consistent. local entities count is: 10 local entities hash is: iSE+bPTb7TsP8IpGGKkvoN5ZTKE="}
{"logTime": "0612/135730", "correlationVector":"3K3MNm99hg/OM0Y1njZn8V","action":"Commit Request", "result":"", "context":Item count: 5
Contributing types: Sessions, Device Info, User Consents, Edge Hub App Usage}
{"logTime": "0612/135731", "correlationVector":"3K3MNm99hg/OM0Y1njZn8V.1","action":"SyncServerConnectionManagerRequest", "result":"SYNC_SERVER_OK", "context":{"environment":"Prod_brazilsouth_prod-s01-001-sam-brazilsouth", "migrationStage":"NotStarted", "server":"akswtt00500001t"}}
{"logTime": "0612/135731", "correlationVector":"3K3MNm99hg/OM0Y1njZn8V.2","action":"Commit Response", "result":"Success", "context":Result: Success. cV=3K3MNm99hg/OM0Y1njZn8V.0;server=akswtt00500001t;cloudType=Consumer;environment=Prod_brazilsouth_prod-s01-001-sam-brazilsouth;migrationStage=NotStarted}
{"logTime": "0612/135731", "correlationVector":"","action":"DIAGNOSTIC_REQUEST|v1/diagnosticData/Diagnostic.SendCheckResult()|SUCCESS", "result":""}
{"logTime": "0612/135733", "correlationVector":"cEDsghxZPBuviHKYFURQuD","action":"Commit Request", "result":"", "context":Item count: 11
Contributing types: Preferences, Passwords, Sessions, History}
{"logTime": "0612/135734", "correlationVector":"cEDsghxZPBuviHKYFURQuD.1","action":"SyncServerConnectionManagerRequest", "result":"SYNC_SERVER_OK", "context":{"environment":"Prod_brazilsouth_prod-s01-034-sam-brazilsouth", "migrationStage":"NotStarted", "server":"akswtt10100001i"}}
{"logTime": "0612/135734", "correlationVector":"cEDsghxZPBuviHKYFURQuD.2","action":"Commit Response", "result":"Success", "context":Result: Success. cV=cEDsghxZPBuviHKYFURQuD.0;server=akswtt10100001i;cloudType=Consumer;environment=Prod_brazilsouth_prod-s01-034-sam-brazilsouth;migrationStage=NotStarted}
{"logTime": "0612/135840", "correlationVector":"a1f/R4Ps0qezFEPgCOP2xA","action":"Commit Request", "result":"", "context":Item count: 2
Contributing types: Sessions, History}
{"logTime": "0612/135841", "correlationVector":"a1f/R4Ps0qezFEPgCOP2xA.1","action":"SyncServerConnectionManagerRequest", "result":"SYNC_SERVER_OK", "context":{"environment":"Prod_brazilsouth_prod-s01-001-sam-brazilsouth", "migrationStage":"NotStarted", "server":"akswtt00500001t"}}
{"logTime": "0612/135841", "correlationVector":"a1f/R4Ps0qezFEPgCOP2xA.2","action":"Commit Response", "result":"Success", "context":Result: Success. cV=a1f/R4Ps0qezFEPgCOP2xA.0;server=akswtt00500001t;cloudType=Consumer;environment=Prod_brazilsouth_prod-s01-001-sam-brazilsouth;migrationStage=NotStarted}
{"logTime": "0612/140402", "correlationVector":"6yTF1gVQAPiWDE0gXwtP9J","action":"Normal GetUpdate request", "result":"", "context":cV=6yTF1gVQAPiWDE0gXwtP9J
Notified types: Device Info, History}
{"logTime": "0612/140402", "correlationVector":"6yTF1gVQAPiWDE0gXwtP9J.1","action":"SyncServerConnectionManagerRequest", "result":"SYNC_SERVER_OK", "context":{"environment":"Prod_brazilsouth_prod-s01-001-sam-brazilsouth", "migrationStage":"NotStarted", "server":"akswtt00500001m"}}
{"logTime": "0612/140402", "correlationVector":"6yTF1gVQAPiWDE0gXwtP9J.2","action":"ProcessGetUpdates", "result":"Done", "context":{"dataType":"Preferences", "deleted":"0", "process_failed_to_decrypt":"0", "process_pending_decryption":"0", "process_success":"1", "total":"1"}}
{"logTime": "0612/140402", "correlationVector":"6yTF1gVQAPiWDE0gXwtP9J.3","action":"ProcessGetUpdates", "result":"Done", "context":{"dataType":"Passwords", "deleted":"0", "process_failed_to_decrypt":"0", "process_pending_decryption":"0", "process_success":"8", "total":"8"}}
{"logTime": "0612/140402", "correlationVector":"6yTF1gVQAPiWDE0gXwtP9J.4","action":"ProcessGetUpdates", "result":"Done", "context":{"dataType":"Sessions", "deleted":"0", "process_failed_to_decrypt":"0", "process_pending_decryption":"0", "process_success":"5", "total":"5"}}
{"logTime": "0612/140402", "correlationVector":"6yTF1gVQAPiWDE0gXwtP9J.5","action":"ProcessGetUpdates", "result":"Done", "context":{"dataType":"Device Info", "deleted":"0", "process_failed_to_decrypt":"0", "process_pending_decryption":"0", "process_success":"2", "total":"2"}}
{"logTime": "0612/140402", "correlationVector":"6yTF1gVQAPiWDE0gXwtP9J.6","action":"ProcessGetUpdates", "result":"Done", "context":{"dataType":"History", "deleted":"0", "process_failed_to_decrypt":"0", "process_pending_decryption":"0", "process_success":"2", "total":"2"}}
{"logTime": "0612/140402", "correlationVector":"6yTF1gVQAPiWDE0gXwtP9J.7","action":"ProcessGetUpdates", "result":"Done", "context":{"dataType":"Edge Hub App Usage", "deleted":"0", "process_failed_to_decrypt":"0", "process_pending_decryption":"0", "process_success":"1", "total":"1"}}
{"logTime": "0612/140402", "correlationVector":"6yTF1gVQAPiWDE0gXwtP9J.8","action":"GetUpdates Response", "result":"Success", "context":Received 19 update(s). cV=6yTF1gVQAPiWDE0gXwtP9J.0;server=akswtt00500001m;cloudType=Consumer;environment=Prod_brazilsouth_prod-s01-001-sam-brazilsouth;migrationStage=NotStarted}
{"logTime": "0612/140404", "correlationVector":"OhvtD4GaDz+FIDzojlL+6i","action":"Normal GetUpdate request", "result":"", "context":cV=OhvtD4GaDz+FIDzojlL+6i
Notified types: Preferences}
{"logTime": "0612/140404", "correlationVector":"OhvtD4GaDz+FIDzojlL+6i.1","action":"SyncServerConnectionManagerRequest", "result":"SYNC_SERVER_OK", "context":{"environment":"Prod_brazilsouth_prod-s01-001-sam-brazilsouth", "migrationStage":"NotStarted", "server":"akswtt00500001c"}}
{"logTime": "0612/140404", "correlationVector":"OhvtD4GaDz+FIDzojlL+6i.2","action":"ProcessGetUpdates", "result":"Done", "context":{"dataType":"Preferences", "deleted":"0", "process_failed_to_decrypt":"0", "process_pending_decryption":"0", "process_success":"1", "total":"1"}}
{"logTime": "0612/140404", "correlationVector":"OhvtD4GaDz+FIDzojlL+6i.3","action":"GetUpdates Response", "result":"Success", "context":Received 1 update(s). cV=OhvtD4GaDz+FIDzojlL+6i.0;server=akswtt00500001c;cloudType=Consumer;environment=Prod_brazilsouth_prod-s01-001-sam-brazilsouth;migrationStage=NotStarted}
{"logTime": "0612/140822", "correlationVector":"eE/3mPhRIowlBKQIwD1acw","action":"Normal GetUpdate request", "result":"", "context":cV=eE/3mPhRIowlBKQIwD1acw
Nudged types: Sessions
Notified types: Preferences, Device Info, History}
{"logTime": "0612/140822", "correlationVector":"eE/3mPhRIowlBKQIwD1acw.1","action":"SyncServerConnectionManagerRequest", "result":"SYNC_SERVER_OK", "context":{"environment":"Prod_brazilsouth_prod-s01-001-sam-brazilsouth", "migrationStage":"NotStarted", "server":"akswtt00500001c"}}
{"logTime": "0612/140822", "correlationVector":"eE/3mPhRIowlBKQIwD1acw.2","action":"ProcessGetUpdates", "result":"Done", "context":{"dataType":"Preferences", "deleted":"0", "process_failed_to_decrypt":"0", "process_pending_decryption":"0", "process_success":"2", "total":"2"}}
{"logTime": "0612/140822", "correlationVector":"eE/3mPhRIowlBKQIwD1acw.3","action":"ProcessGetUpdates", "result":"Done", "context":{"dataType":"Sessions", "deleted":"1", "process_failed_to_decrypt":"0", "process_pending_decryption":"0", "process_success":"4", "total":"4"}}
{"logTime": "0612/140822", "correlationVector":"eE/3mPhRIowlBKQIwD1acw.4","action":"ProcessGetUpdates", "result":"Done", "context":{"dataType":"Device Info", "deleted":"0", "process_failed_to_decrypt":"0", "process_pending_decryption":"0", "process_success":"1", "total":"1"}}
{"logTime": "0612/140822", "correlationVector":"eE/3mPhRIowlBKQIwD1acw.5","action":"ProcessGetUpdates", "result":"Done", "context":{"dataType":"History", "deleted":"0", "process_failed_to_decrypt":"0", "process_pending_decryption":"0", "process_success":"3", "total":"3"}}
{"logTime": "0612/140822", "correlationVector":"eE/3mPhRIowlBKQIwD1acw.6","action":"GetUpdates Response", "result":"Success", "context":Received 10 update(s). cV=eE/3mPhRIowlBKQIwD1acw.0;server=akswtt00500001c;cloudType=Consumer;environment=Prod_brazilsouth_prod-s01-001-sam-brazilsouth;migrationStage=NotStarted}
{"logTime": "0612/140822", "correlationVector":"ODHEsK9SMnhydO9YmGndAS","action":"Commit Request", "result":"", "context":Item count: 1
Contributing types: Sessions}
{"logTime": "0612/140823", "correlationVector":"ODHEsK9SMnhydO9YmGndAS.1","action":"SyncServerConnectionManagerRequest", "result":"SYNC_SERVER_OK", "context":{"environment":"Prod_brazilsouth_prod-s01-001-sam-brazilsouth", "migrationStage":"NotStarted", "server":"akswtt00500001g"}}
{"logTime": "0612/140823", "correlationVector":"ODHEsK9SMnhydO9YmGndAS.2","action":"Commit Response", "result":"Success", "context":Result: Success. cV=ODHEsK9SMnhydO9YmGndAS.0;server=akswtt00500001g;cloudType=Consumer;environment=Prod_brazilsouth_prod-s01-001-sam-brazilsouth;migrationStage=NotStarted}
{"logTime": "0612/140823", "correlationVector":"/TUEuoqIsCvp+hfUErwnvA","action":"Normal GetUpdate request", "result":"", "context":cV=/TUEuoqIsCvp+hfUErwnvA
Nudged types: Sessions
Notified types: History}
{"logTime": "0612/140823", "correlationVector":"/TUEuoqIsCvp+hfUErwnvA.1","action":"SyncServerConnectionManagerRequest", "result":"SYNC_SERVER_OK", "context":{"environment":"Prod_brazilsouth_prod-s01-001-sam-brazilsouth", "migrationStage":"NotStarted", "server":"akswtt00500001c"}}
{"logTime": "0612/140823", "correlationVector":"/TUEuoqIsCvp+hfUErwnvA.2","action":"ProcessGetUpdates", "result":"Done", "context":{"dataType":"Sessions", "deleted":"0", "process_failed_to_decrypt":"0", "process_pending_decryption":"0", "process_success":"1", "total":"1"}}
{"logTime": "0612/140823", "correlationVector":"/TUEuoqIsCvp+hfUErwnvA.3","action":"GetUpdates Response", "result":"Success", "context":Received 1 update(s). cV=/TUEuoqIsCvp+hfUErwnvA.0;server=akswtt00500001c;cloudType=Consumer;environment=Prod_brazilsouth_prod-s01-001-sam-brazilsouth;migrationStage=NotStarted}
{"logTime": "0612/140924", "correlationVector":"chjlU2sXP02CnO8fKDvU/Y","action":"Normal GetUpdate request", "result":"", "context":cV=chjlU2sXP02CnO8fKDvU/Y
Notified types: History}
{"logTime": "0612/140924", "correlationVector":"chjlU2sXP02CnO8fKDvU/Y.1","action":"SyncServerConnectionManagerRequest", "result":"SYNC_SERVER_OK", "context":{"environment":"Prod_eastus2_prod-s01-050-nam-eastus2", "migrationStage":"NotStarted", "server":"akswtt11400003j"}}
{"logTime": "0612/140924", "correlationVector":"chjlU2sXP02CnO8fKDvU/Y.2","action":"ProcessGetUpdates", "result":"Done", "context":{"dataType":"Sessions", "deleted":"1", "process_failed_to_decrypt":"0", "process_pending_decryption":"0", "process_success":"2", "total":"2"}}
{"logTime": "0612/140924", "correlationVector":"chjlU2sXP02CnO8fKDvU/Y.3","action":"ProcessGetUpdates", "result":"Done", "context":{"dataType":"History", "deleted":"0", "process_failed_to_decrypt":"0", "process_pending_decryption":"0", "process_success":"1", "total":"1"}}
{"logTime": "0612/140924", "correlationVector":"chjlU2sXP02CnO8fKDvU/Y.4","action":"GetUpdates Response", "result":"Success", "context":Received 3 update(s). cV=chjlU2sXP02CnO8fKDvU/Y.0;server=akswtt11400003j;cloudType=Consumer;environment=Prod_eastus2_prod-s01-050-nam-eastus2;migrationStage=NotStarted}
